============================= test session starts =============================
platform win32 -- Python 3.13.1, pytest-8.3.4, pluggy-1.5.0 -- C:\Users\shivam srivastava\AppData\Local\Programs\Python\Python313\python.exe
cachedir: .pytest_cache
metadata: {'Python': '3.13.1', 'Platform': 'Windows-11-10.0.26200-SP0', 'Packages': {'pytest': '8.3.4', 'pluggy': '1.5.0'}, 'Plugins': {'allure-pytest': '2.13.5', 'anyio': '4.9.0', 'Faker': '38.2.0', 'base-url': '2.1.0', 'html': '4.1.1', 'metadata': '3.1.1', 'mock': '3.14.1', 'playwright': '0.6.2', 'selenium': '4.1.0', 'variables': '3.1.0', 'xdist': '3.6.1'}, 'JAVA_HOME': 'C:\\Users\\shivam srivastava\\scoop\\apps\\openjdk17\\current', 'Base URL': '', 'Driver': None, 'Capabilities': {}}
sensitiveurl: .*
rootdir: D:\mayson-webapp-playwright-beta
configfile: pytest.ini
testpaths: tests
plugins: allure-pytest-2.13.5, anyio-4.9.0, Faker-38.2.0, base-url-2.1.0, html-4.1.1, metadata-3.1.1, mock-3.14.1, playwright-0.6.2, selenium-4.1.0, variables-3.1.0, xdist-3.6.1
collecting ... collected 10 items

tests/test_login.py::TestLogin::test_login_with_valid_credentials FAILED [ 10%]
tests/test_login.py::TestLogin::test_login_with_wrong_password PASSED    [ 20%]
tests/test_login.py::TestLogin::test_login_with_unregistered_email PASSED [ 30%]
tests/test_login.py::TestLogin::test_login_with_empty_fields PASSED      [ 40%]
tests/test_login.py::TestLogin::test_login_with_invalid_email_format PASSED [ 50%]
tests/test_signup.py::TestSignup::test_signup_with_valid_details FAILED  [ 60%]
tests/test_signup.py::TestSignup::test_signup_with_existing_email PASSED [ 70%]
tests/test_signup.py::TestSignup::test_signup_with_mismatched_passwords PASSED [ 80%]
tests/test_signup.py::TestSignup::test_signup_with_empty_fields PASSED   [ 90%]
tests/test_signup.py::TestSignup::test_signup_with_weak_password PASSED  [100%]

================================== FAILURES ===================================
_________________ TestLogin.test_login_with_valid_credentials _________________
tests\test_login.py:53: in test_login_with_valid_credentials
    assert "/auth/login" not in page.url, \
E   AssertionError: Login failed! Still on login page: https://app.beemerbenzbentley.site/auth/login
E   assert '/auth/login' not in 'https://app.beemerbenzbentley.site/auth/login'
E     
E     '/auth/login' is contained here:
E       https://app.beemerbenzbentley.site/auth/login
E     ?                                   +++++++++++
---------------------------- Captured stdout setup ----------------------------
\n\u2705 Loaded environment: dev (D:\\mayson-webapp-playwright-beta\\.env.dev)
__________________ TestSignup.test_signup_with_valid_details __________________
tests\test_signup.py:54: in test_signup_with_valid_details
    assert "/auth/signup" not in page.url or signup_page.is_success_visible(), \
E   AssertionError: Signup may have failed! Still on: https://app.beemerbenzbentley.site/auth/signup
E   assert ('/auth/signup' not in 'https://app.beemerbenzbentley.site/auth/signup'
E     
E     '/auth/signup' is contained here:
E       https://app.beemerbenzbentley.site/auth/signup
E     ?                                   ++++++++++++ or False)
E    +  where False = is_success_visible()
E    +    where is_success_visible = <pages.signup_page.SignupPage object at 0x000001FB7B994980>.is_success_visible
=========================== short test summary info ===========================
FAILED tests/test_login.py::TestLogin::test_login_with_valid_credentials - AssertionError: Login failed! Still on login page: https://app.beemerbenzbentley.site/auth/login
assert '/auth/login' not in 'https://app.beemerbenzbentley.site/auth/login'
  
  '/auth/login' is contained here:
    https://app.beemerbenzbentley.site/auth/login
  ?                                   +++++++++++
FAILED tests/test_signup.py::TestSignup::test_signup_with_valid_details - AssertionError: Signup may have failed! Still on: https://app.beemerbenzbentley.site/auth/signup
assert ('/auth/signup' not in 'https://app.beemerbenzbentley.site/auth/signup'
  
  '/auth/signup' is contained here:
    https://app.beemerbenzbentley.site/auth/signup
  ?                                   ++++++++++++ or False)
 +  where False = is_success_visible()
 +    where is_success_visible = <pages.signup_page.SignupPage object at 0x000001FB7B994980>.is_success_visible
======================== 2 failed, 8 passed in 38.14s =========================
